# a:        0.9400000 , b:       0.2059000 
# omega:   (m =   8) / (n =   9) 
# brakl0:  -1.0000000 , braku0:   1.0000000 , brakn:           500
# acc:      1.000e-12 , lacc:       1.000e-08 , eqd:      1.000e-07
#            x0              y0        res      yhalf   orb#  eq to   @ i=
# a=  0.94000000000, b=  0.20590000000
# shp=1 , lambdax=0.6192276      , lambday=0.6803942      
# shp=2 , lambdax=0.6526649      , lambday=0.6698343      
# shp=3 , lambdax=0.6192276      , lambday=0.6803942      
# shp=4 , lambdax=0.6526649      , lambday=0.6698343      
# shp=-1 , lambdax=0.6192276      , lambday=0.6652665      
# shp=-2 , lambdax=0.6126814      , lambday=0.6698343      
# shp=-3 , lambdax=0.6192276      , lambday=0.6652665      
# shp=-4 , lambdax=0.6126814      , lambday=0.6698343      
# sln=1 , maxbrack=4   , meql=4   
  0.00000000000  -0.42209075119     0.0575    0.08829      1      1      0
  0.00000000000  -0.38544041335    -0.0113    0.17232      2      2      0
  0.00000000000  -0.20913018797     0.0102    0.29749      3      3      0
  0.00000000000  -0.14285000747    -0.0297    0.31542      4      4      0

# sln=2 , maxbrack=4   , meql=4   
  0.50000000000   0.14285000747    -0.0297   -0.31542      5      5      0
  0.50000000000   0.20913018797     0.0102   -0.29749      6      6      0
  0.50000000000   0.38544041335    -0.0113   -0.17232      7      7      0
  0.50000000000   0.42209075119     0.0575   -0.08829      8      8      0

# sln=3 , maxbrack=4   , meql=4   
  0.46102110294   0.13821735164     0.0575   -0.42209      9      1      4
  0.44147951009   0.24633695099    -0.0113   -0.38544     10      2      4
  0.37942931025   0.43898017634     0.0102   -0.20913     11      3      4
  0.36698884625   0.46815880592    -0.0297   -0.14285     12      4      4

# sln=4 , maxbrack=4   , meql=4   
  0.86698884625  -0.46815880592    -0.0297    0.14285     13      5      4
  0.87942931025  -0.43898017634     0.0102    0.20913     14      6      4
  0.94147951009  -0.24633695099    -0.0113    0.38544     15      7      4
  0.96102110294  -0.13821735164     0.0575    0.42209     16      8      4

